!*************** DOC ***********
feature@org.eclipse.birt.chart.cshelp=v20091210,:ext:xgu@dev.eclipse.org:/cvsroot/birt,,source/features/org.eclipse.birt.chart.cshelp.feature
feature@org.eclipse.birt.chart.doc.isv=v20091210,:ext:xgu@dev.eclipse.org:/cvsroot/birt,,source/features/org.eclipse.birt.chart.doc.isv.feature
feature@org.eclipse.birt.cshelp=v20091210,:ext:xgu@dev.eclipse.org:/cvsroot/birt,,source/features/org.eclipse.birt.cshelp.feature
feature@org.eclipse.birt.doc.isv=v20091210,:ext:xgu@dev.eclipse.org:/cvsroot/birt,,source/features/org.eclipse.birt.doc.isv.feature
feature@org.eclipse.birt.doc=v20091210,:ext:xgu@dev.eclipse.org:/cvsroot/birt,,source/features/org.eclipse.birt.doc.feature
feature@org.eclipse.birt.example=v20091210,:ext:xgu@dev.eclipse.org:/cvsroot/birt,,source/features/org.eclipse.birt.example.feature

!*************** BIRT  ***********
feature@org.eclipse.birt=v20091210,:ext:xgu@dev.eclipse.org:/cvsroot/birt,,source/features/org.eclipse.birt.feature

feature@org.eclipse.birt.osgi.runtime=v20091210,:ext:xgu@dev.eclipse.org:/cvsroot/birt,,source/features/org.eclipse.birt.osgi.runtime
feature@org.eclipse.birt.osgi.runtime.sdk=v20091210,:ext:xgu@dev.eclipse.org:/cvsroot/birt,,source/features/org.eclipse.birt.osgi.runtime.sdk

feature@org.eclipse.birt.chart=v20091210,:ext:xgu@dev.eclipse.org:/cvsroot/birt,,source/features/org.eclipse.birt.chart.feature

feature@org.eclipse.birt.report.designer.editor.xml.wtp=v20091210,:ext:xgu@dev.eclipse.org:/cvsroot/birt,,source/features/org.eclipse.birt.report.designer.editor.xml.wtp.feature

feature@org.eclipse.birt.integration.wtp=v20091210,:ext:xgu@dev.eclipse.org:/cvsroot/birt,,source/features/org.eclipse.birt.integration.wtp.feature
feature@org.eclipse.birt.chart.integration.wtp=v20091210,:ext:xgu@dev.eclipse.org:/cvsroot/birt,,source/features/org.eclipse.birt.chart.integration.wtp.feature
feature@org.eclipse.birt.integration.wtp.sdk=v20090925,:ext:xgu@dev.eclipse.org:/cvsroot/birt,,source/features/org.eclipse.birt.integration.wtp.sdk.feature

feature@org.eclipse.birt.testhelper=v20090925,:ext:xgu@dev.eclipse.org:/cvsroot/birt,,source/features/org.eclipse.birt.testhelper.feature
feature@org.eclipse.birt.tests=v20090925,:ext:xgu@dev.eclipse.org:/cvsroot/birt,,source/features/org.eclipse.birt.tests.feature
plugin@org.eclipse.birt.tests=v20090511,:ext:xgu@dev.eclipse.org:/cvsroot/birt,,source/org.eclipse.birt.tests


!*************** i18n features  ***********
feature@org.eclipse.birt.nl=v20091104,:ext:xgu@dev.eclipse.org:/cvsroot/birt,,source/features/org.eclipse.birt.nl.feature
feature@org.eclipse.birt.dtp.nl=v200911041343,:ext:xgu@dev.eclipse.org:/cvsroot/datatools,,org.eclipse.datatools.build/R1.6_Feature_Projects/org.eclipse.birt.dtp.nl.feature
feature@org.eclipse.birt.rcp.nl=v20091104,:ext:xgu@dev.eclipse.org:/cvsroot/birt,,source/features/org.eclipse.birt.rcp.nl.feature
feature@org.eclipse.birt.dtp.sybase.nl=v200911041343,:ext:xgu@dev.eclipse.org:/cvsroot/datatools,,org.eclipse.datatools.build/R1.6_Feature_Projects/org.eclipse.birt.dtp.sybase.nl.feature


!*************** Third Party Features **************************************************************************** 
feature@org.eclipse.birt.thirdparty=v20090925,:ext:xgu@dev.eclipse.org:/cvsroot/birt,,source/features/org.eclipse.birt.thirdparty.feature
feature@org.apache.commons.codec=v20081027,:pserver:anonymous@dev.eclipse.org:/cvsroot/birt,,source/features/org.apache.commons.codec.feature 

feature@com.lowagie.itext=v20081027,:ext:xgu@dev.eclipse.org:/cvsroot/birt,,source/features/com.lowagie.itext.feature
feature@org.apache.derby.core=v20081027,:ext:xgu@dev.eclipse.org:/cvsroot/birt,,source/features/org.apache.derby.core.feature
feature@org.mozilla.rhino=v20090521,:ext:xgu@dev.eclipse.org:/cvsroot/birt,,source/features/org.mozilla.rhino.feature 
feature@org.w3c.sac=v20081027,:ext:xgu@dev.eclipse.org:/cvsroot/birt,,source/features/org.w3c.sac.feature 

!*** Deprecated features **************************************************************************** 
feature@org.eclipse.birt.report.data.oda.jdbc.dbprofile.sqlbuilder.feature=v20090925,:ext:xgu@dev.eclipse.org:/cvsroot/birt,,source/features/org.eclipse.birt.report.data.oda.jdbc.dbprofile.sqlbuilder.feature
feature@org.eclipse.birt.report.data.oda.jdbc.dbprofile.feature=v20090925,:ext:xgu@dev.eclipse.org:/cvsroot/birt,,source/features/org.eclipse.birt.report.data.oda.jdbc.dbprofile.feature
feature@org.eclipse.birt.chart.runtime=v20090925,:ext:xgu@dev.eclipse.org:/cvsroot/birt,,source/features/org.eclipse.birt.chart.runtime.feature
feature@org.eclipse.birt.report.designer=v20090925,:ext:xgu@dev.eclipse.org:/cvsroot/birt,,source/features/org.eclipse.birt.report.designer.feature
feature@org.eclipse.birt.report.designer.debug=v20090925,:ext:xgu@dev.eclipse.org:/cvsroot/birt,,source/features/org.eclipse.birt.report.designer.debug.feature
feature@org.eclipse.birt.report.runtime=v20090925,:ext:xgu@dev.eclipse.org:/cvsroot/birt,,source/features/org.eclipse.birt.report.runtime.feature
feature@org.eclipse.birt.sdk=v20090925,:ext:xgu@dev.eclipse.org:/cvsroot/birt,,source/features/org.eclipse.birt.sdk.feature
feature@org.eclipse.birt.crosstab=v20090925,:ext:xgu@dev.eclipse.org:/cvsroot/birt,,source/features/org.eclipse.birt.crosstab.feature


!*** Feature brand plugins **************************************************************************** 
plugin@com.lowagie.itext=v20090305,:ext:xgu@dev.eclipse.org:/cvsroot/birt,,source/com.lowagie.itext
plugin@org.apache.derby.core=v20080317,:ext:xgu@dev.eclipse.org:/cvsroot/birt,,source/org.apache.derby.core
plugin@org.mozilla.rhino=v20090521,:ext:xgu@dev.eclipse.org:/cvsroot/birt,,source/org.mozilla.rhino
plugin@org.w3c.sac=v20070710,:ext:xgu@dev.eclipse.org:/cvsroot/birt,,source/org.w3c.sac

plugin@org.eclipse.birt.chart=v20091020,:ext:xgu@dev.eclipse.org:/cvsroot/birt,,source/org.eclipse.birt.chart
plugin@org.eclipse.birt=v20091020,:ext:xgu@dev.eclipse.org:/cvsroot/birt,,source/org.eclipse.birt
plugin@org.eclipse.birt.sdk=v20091020,:ext:xgu@dev.eclipse.org:/cvsroot/birt,,source/org.eclipse.birt.sdk


!*** Feature brand plugins (deprecated) **************************************************************************** 
plugin@org.eclipse.birt.thirdparty=v20070914,:ext:xgu@dev.eclipse.org:/cvsroot/birt,,source/org.eclipse.birt.thirdparty
plugin@org.eclipse.birt.chart.runtime=v20091020,:ext:xgu@dev.eclipse.org:/cvsroot/birt,,source/org.eclipse.birt.chart.runtime
plugin@org.eclipse.birt.report.designer=v20090407,:ext:xgu@dev.eclipse.org:/cvsroot/birt,,source/org.eclipse.birt.report.designer
plugin@org.eclipse.birt.report.runtime=v20091020,:ext:xgu@dev.eclipse.org:/cvsroot/birt,,source/org.eclipse.birt.report.runtime

